******************************************************************************
                  TI ARM Linker PC v20.2.2                     
******************************************************************************
>> Linked Mon Nov  8 07:16:53 2021

OUTPUT FILE NAME:   <IntroToEmbProject.out>
ENTRY POINT SYMBOL: "_c_int00_noargs"  address: 00000f4d


MEMORY CONFIGURATION

         name            origin    length      used     unused   attr    fill
----------------------  --------  ---------  --------  --------  ----  --------
  FLASH                 00000000   00040000  0000101c  0003efe4  R  X
  SRAM                  20000000   00008000  00000210  00007df0  RW X


SEGMENT ALLOCATION MAP

run origin  load origin   length   init length attrs members
----------  ----------- ---------- ----------- ----- -------
00000000    00000000    00001020   00001020    r-x
  00000000    00000000    0000026c   0000026c    r-- .intvecs
  0000026c    0000026c    00000d80   00000d80    r-x .text
  00000ff0    00000ff0    00000030   00000030    r-- .cinit
20000000    20000000    00000210   00000000    rw-
  20000000    20000000    00000200   00000000    rw- .stack
  20000200    20000200    0000000c   00000000    rw- .bss
  2000020c    2000020c    00000004   00000000    rw- .data


SECTION ALLOCATION MAP

 output                                  attributes/
section   page    origin      length       input sections
--------  ----  ----------  ----------   ----------------
.intvecs   0    00000000    0000026c     
                  00000000    0000026c     tm4c123gh6pm_startup_ccs.obj (.intvecs)

.text      0    0000026c    00000d80     
                  0000026c    000005fc     functions.obj (.text)
                  00000868    000001b6     rtsv7M4_T_le_v4SPD16_eabi.lib : fd_add_t2.asm.obj (.text)
                  00000a1e    00000136                                   : fd_div_t2.asm.obj (.text)
                  00000b54    000000fc                                   : fd_mul_t2.asm.obj (.text)
                  00000c50    000000c4     main.obj (.text)
                  00000d14    0000009c     rtsv7M4_T_le_v4SPD16_eabi.lib : memcpy_t2.asm.obj (.text)
                  00000db0    0000006e                                   : fd_tos_t2.asm.obj (.text)
                  00000e1e    00000068                                   : copy_decompress_lzss.c.obj (.text:decompress:lzss:__TI_decompress_lzss)
                  00000e86    00000048                                   : fd_toi_t2.asm.obj (.text)
                  00000ece    00000002     --HOLE-- [fill = 0]
                  00000ed0    00000044                                   : autoinit.c.obj (.text:__TI_auto_init_nobinit_nopinit:__TI_auto_init_nobinit_nopinit)
                  00000f14    00000038                                   : fs_tod_t2.asm.obj (.text)
                  00000f4c    00000034                                   : boot_cortex_m.c.obj (.text:_c_int00_noargs:_c_int00_noargs)
                  00000f80    0000002e                                   : i_tofd_t2.asm.obj (.text)
                  00000fae    0000001c                                   : copy_zero_init.c.obj (.text:decompress:ZI:__TI_zero_init_nomemset:__TI_zero_init_nomemset)
                  00000fca    0000000e                                   : copy_decompress_none.c.obj (.text:decompress:none:__TI_decompress_none)
                  00000fd8    0000000c     tm4c123gh6pm_startup_ccs.obj (.text)
                  00000fe4    00000004     rtsv7M4_T_le_v4SPD16_eabi.lib : pre_init.c.obj (.text:_system_pre_init)
                  00000fe8    00000004                                   : exit.c.obj (.text:abort:abort)

.cinit     0    00000ff0    00000030     
                  00000ff0    0000000c     (__TI_handler_table)
                  00000ffc    00000004     --HOLE-- [fill = 0]
                  00001000    00000008     (.cinit..bss.load) [load image, compression = zero_init]
                  00001008    00000007     (.cinit..data.load) [load image, compression = lzss]
                  0000100f    00000001     --HOLE-- [fill = 0]
                  00001010    00000010     (__TI_cinit_table)

.init_array 
*          0    00000000    00000000     UNINITIALIZED

.bss       0    20000200    0000000c     UNINITIALIZED
                  20000200    00000008     (.common:state)
                  20000208    00000004     (.common:sec)

.data      0    2000020c    00000004     UNINITIALIZED
                  2000020c    00000004     functions.obj (.data)

.stack     0    20000000    00000200     UNINITIALIZED
                  20000000    00000004     rtsv7M4_T_le_v4SPD16_eabi.lib : boot_cortex_m.c.obj (.stack)
                  20000004    000001fc     --HOLE--

__llvm_prf_cnts 
*          0    20000000    00000000     UNINITIALIZED

MODULE SUMMARY

       Module                         code   ro data   rw data
       ------                         ----   -------   -------
    .\
       functions.obj                  1532   0         8      
       tm4c123gh6pm_startup_ccs.obj   12     620       0      
       main.obj                       196    0         8      
    +--+------------------------------+------+---------+---------+
       Total:                         1740   620       16     
                                                              
    C:\ti\ccs1020\ccs\tools\compiler\ti-cgt-arm_20.2.2.LTS\lib\rtsv7M4_T_le_v4SPD16_eabi.lib
       fd_add_t2.asm.obj              438    0         0      
       fd_div_t2.asm.obj              310    0         0      
       fd_mul_t2.asm.obj              252    0         0      
       memcpy_t2.asm.obj              156    0         0      
       fd_tos_t2.asm.obj              110    0         0      
       copy_decompress_lzss.c.obj     104    0         0      
       fd_toi_t2.asm.obj              72     0         0      
       autoinit.c.obj                 68     0         0      
       fs_tod_t2.asm.obj              56     0         0      
       boot_cortex_m.c.obj            52     0         0      
       i_tofd_t2.asm.obj              46     0         0      
       copy_zero_init.c.obj           28     0         0      
       copy_decompress_none.c.obj     14     0         0      
       exit.c.obj                     4      0         0      
       pre_init.c.obj                 4      0         0      
    +--+------------------------------+------+---------+---------+
       Total:                         1714   0         0      
                                                              
       Stack:                         0      0         512    
       Linker Generated:              0      43        0      
    +--+------------------------------+------+---------+---------+
       Grand Total:                   3454   663       528    


LINKER GENERATED COPY TABLES

__TI_cinit_table @ 00001010 records: 2, size/record: 8, table size: 16
	.bss: load addr=00001000, load size=00000008 bytes, run addr=20000200, run size=0000000c bytes, compression=zero_init
	.data: load addr=00001008, load size=00000007 bytes, run addr=2000020c, run size=00000004 bytes, compression=lzss


LINKER GENERATED HANDLER TABLE

__TI_handler_table @ 00000ff0 records: 3, size/record: 4, table size: 12
	index: 0, handler: __TI_decompress_lzss
	index: 1, handler: __TI_decompress_none
	index: 2, handler: __TI_zero_init


GLOBAL SYMBOLS: SORTED ALPHABETICALLY BY Name 

address   name                          
-------   ----                          
00000fe9  C$$EXIT                       
00000543  Car_Led_ON                    
000003d3  GPIOBHandler                  
00000443  GPIODHandler                  
00000313  Interrupts_config             
000005a1  Ped_Led_ON                    
00000fd9  ResetISR                      
00000517  Systick_Delay                 
000004b3  Systick_Delay_One_Second      
000004ef  Systick_Reinit                
0000026d  Traffic_gpios_init            
00000739  UART5_Transmit                
20000200  __STACK_END                   
00000200  __STACK_SIZE                  
20000200  __STACK_TOP                   
00001010  __TI_CINIT_Base               
00001020  __TI_CINIT_Limit              
00000ff0  __TI_Handler_Table_Base       
00000ffc  __TI_Handler_Table_Limit      
00000ed1  __TI_auto_init_nobinit_nopinit
00000e1f  __TI_decompress_lzss          
00000fcb  __TI_decompress_none          
ffffffff  __TI_pprof_out_hndl           
ffffffff  __TI_prof_data_size           
ffffffff  __TI_prof_data_start          
00000000  __TI_static_base__            
00000faf  __TI_zero_init_nomemset       
00000db1  __aeabi_d2f                   
00000e87  __aeabi_d2iz                  
00000873  __aeabi_dadd                  
00000a1f  __aeabi_ddiv                  
00000b55  __aeabi_dmul                  
00000869  __aeabi_dsub                  
00000f15  __aeabi_f2d                   
00000f81  __aeabi_i2d                   
00000d15  __aeabi_memcpy                
00000d15  __aeabi_memcpy4               
00000d15  __aeabi_memcpy8               
ffffffff  __binit__                     
ffffffff  __c_args__                    
UNDEFED   __mpu_init                    
20000000  __stack                       
20000000  __start___llvm_prf_cnts       
20000000  __stop___llvm_prf_cnts        
00000f4d  _c_int00_noargs               
UNDEFED   _system_post_cinit            
00000fe5  _system_pre_init              
00000fe9  abort                         
ffffffff  binit                         
00000000  g_pfnVectors                  
2000020c  log                           
00000c51  main                          
00000d15  memcpy                        
20000208  sec                           
00000791  send_State                    
00000755  send_String                   
20000200  state                         
00000383  test_all                      
0000063d  uart_Init                     


GLOBAL SYMBOLS: SORTED BY Symbol Address 

address   name                          
-------   ----                          
00000000  __TI_static_base__            
00000000  g_pfnVectors                  
00000200  __STACK_SIZE                  
0000026d  Traffic_gpios_init            
00000313  Interrupts_config             
00000383  test_all                      
000003d3  GPIOBHandler                  
00000443  GPIODHandler                  
000004b3  Systick_Delay_One_Second      
000004ef  Systick_Reinit                
00000517  Systick_Delay                 
00000543  Car_Led_ON                    
000005a1  Ped_Led_ON                    
0000063d  uart_Init                     
00000739  UART5_Transmit                
00000755  send_String                   
00000791  send_State                    
00000869  __aeabi_dsub                  
00000873  __aeabi_dadd                  
00000a1f  __aeabi_ddiv                  
00000b55  __aeabi_dmul                  
00000c51  main                          
00000d15  __aeabi_memcpy                
00000d15  __aeabi_memcpy4               
00000d15  __aeabi_memcpy8               
00000d15  memcpy                        
00000db1  __aeabi_d2f                   
00000e1f  __TI_decompress_lzss          
00000e87  __aeabi_d2iz                  
00000ed1  __TI_auto_init_nobinit_nopinit
00000f15  __aeabi_f2d                   
00000f4d  _c_int00_noargs               
00000f81  __aeabi_i2d                   
00000faf  __TI_zero_init_nomemset       
00000fcb  __TI_decompress_none          
00000fd9  ResetISR                      
00000fe5  _system_pre_init              
00000fe9  C$$EXIT                       
00000fe9  abort                         
00000ff0  __TI_Handler_Table_Base       
00000ffc  __TI_Handler_Table_Limit      
00001010  __TI_CINIT_Base               
00001020  __TI_CINIT_Limit              
20000000  __stack                       
20000000  __start___llvm_prf_cnts       
20000000  __stop___llvm_prf_cnts        
20000200  __STACK_END                   
20000200  __STACK_TOP                   
20000200  state                         
20000208  sec                           
2000020c  log                           
ffffffff  __TI_pprof_out_hndl           
ffffffff  __TI_prof_data_size           
ffffffff  __TI_prof_data_start          
ffffffff  __binit__                     
ffffffff  __c_args__                    
ffffffff  binit                         
UNDEFED   __mpu_init                    
UNDEFED   _system_post_cinit            

[59 symbols]
